[{foo:"bar"},["a","b","c",1,2,3,true,false],<0x11,0x12,0xAB>]
{key:"val"}

